
> plumber@0.0.1 build
> astro build

[2m10:42:39[22m [34m[content][39m Syncing content
[2m10:42:39[22m [34m[content][39m Synced content
[2m10:42:39[22m [34m[types][39m Generated [2m67ms[22m
[2m10:42:39[22m [34m[build][39m output: [34m"static"[39m
[2m10:42:39[22m [34m[build][39m mode: [34m"static"[39m
[2m10:42:39[22m [34m[build][39m directory: [34mC:\Users\nicol\OneDrive\Desktop\the websites\trades\plumber\dist\[39m
[2m10:42:39[22m [34m[build][39m Collecting build info...
[2m10:42:39[22m [34m[build][39m [32mÔ£ô Completed in 103ms.[39m
[2m10:42:39[22m [34m[build][39m Building static entrypoints...
node.exe : [31m[1m
10:42:41[22m 
[ERROR] [vite][39m 
[31mÔ£ù[39m Build 
failed in 1.40s
At line:1 char:1
+ & "C:\Program File
s\nodejs/node.exe" "
C:\Users\nicol\AppDa
ta\Roaming\ ...
+ ~~~~~~~~~~~~~~~~~~
~~~~~~~~~~~~~~~~~~~~
~~~~~~~~~~~~~~~~~~~~
~~~~~~~~~~~
    + CategoryInfo  
            : NotS  
  pecified: ([31   
 m[1m10:42:...f    
ailed in 1.40s:    
String) [], Rem    
oteException
    + FullyQualifie 
   dErrorId : Nati  
  veCommandError
 
[vite]: Rollup 
failed to resolve 
import "jspdf" from 
"C:/Users/nicol/OneD
rive/Desktop/the web
sites/trades/plumber
/src/components/admi
n/InvoiceGenerator.t
sx".
This is most likely 
unintended because 
it can break your 
application at 
runtime.
If you do want to 
externalize this 
module explicitly 
add it to
`build.rollupOptions
.external`
  [1mStack 
trace:[22m
[2m    at viteLog (
file:///C:/Users/nic
ol/OneDrive/Desktop/
the%20websites/trade
s/plumber/node_modul
es/vite/dist/node/ch
unks/dep-D4NMHUTW.js
:46374:15)
    at onwarn (file:
///C:/Users/nicol/On
eDrive/Desktop/the%2
0websites/trades/plu
mber/node_modules/@v
itejs/plugin-react/d
ist/index.js:90:7)
    at onRollupLog (
file:///C:/Users/nic
ol/OneDrive/Desktop/
the%20websites/trade
s/plumber/node_modul
es/vite/dist/node/ch
unks/dep-D4NMHUTW.js
:46422:5)
    at file:///C:/Us
ers/nicol/OneDrive/D
esktop/the%20website
s/trades/plumber/nod
e_modules/rollup/dis
t/es/shared/node-ent
ry.js:20961:32
    at ModuleLoader.
handleInvalidResolve
dId (file:///C:/User
s/nicol/OneDrive/Des
ktop/the%20websites/
trades/plumber/node_
modules/rollup/dist/
es/shared/node-entry
.js:21592:26)[22m
